[2026-09-08T03:01:08Z] === ENRICH ITERATION 1 START | repo=rust-lang/regex sha=25a15e27 ===
[2026-09-08T03:01:08Z] [iter=1] PHASE START: enrich repo=rust-lang/regex sha=25a15e27 runlog=/home/runner/work/forx/forx/storage/aggregate/lsp/logs/25a15e27-enrich-iter-001.log output=/home/runner/work/forx/forx/storage/aggregate/lsp/25a15e272b3ae5aee76b525902c2ab91b0d9e12e.nq.gz
[2026-09-08T03:01:19Z] [iter=1] Step 1: Loading AST into disk-backed store mem_mb=79 MB
[2026-09-08T03:01:56Z] [iter=1] AST store loaded triples=4211536 load_secs=36 mem_mb=1032 MB
[2026-09-08T03:01:56Z] [iter=1] Step 2: Finding LSP targets mem_mb=1032 MB
[2026-09-08T03:02:08Z] [iter=1] LSP targets found call_sites=25147 imports=0 extends=0 implements=147 secs=12
[2026-09-08T03:02:18Z] [iter=1] Step 2.7: Building position index (one-shot, shared across resolvers) mem_mb=1032 MB
[2026-09-08T03:02:43Z] [iter=1] Position index built positions=267262 nodes_with_types=305894 secs=25 mem_mb=1032 MB
[2026-09-08T03:02:43Z] [iter=1] Step 3: Starting LSP resolution mem_mb=1032 MB already_completed_types=[] already_completed_files=0
[2026-09-08T03:02:43Z] [iter=1] Resolving target type target_type=call_site count=25147
[2026-09-08T03:02:56Z] [iter=1] HEARTBEAT target_type=call_site elapsed_min=1.8 files_done=0 resolved=0 errors=0 current=src/regex/bytes.rs
[2026-09-08T03:06:32Z] [iter=1] HEARTBEAT target_type=call_site elapsed_min=5.4 files_done=1 resolved=98 errors=120 current=regex-cli/cmd/find/capture/mod.rs
[2026-09-08T03:08:29Z] [iter=1] HEARTBEAT target_type=call_site elapsed_min=7.4 files_done=2 resolved=152 errors=188 current=regex-automata/src/meta/strategy.rs
[2026-09-08T03:23:47Z] [iter=1] HEARTBEAT target_type=call_site elapsed_min=22.6 files_done=3 resolved=273 errors=727 current=regex-lite/src/hir/parse.rs
[2026-09-08T03:33:27Z] [iter=1] HEARTBEAT target_type=call_site elapsed_min=32.3 files_done=4 resolved=751 errors=1068 current=regex-automata/src/meta/regex.rs
[2026-09-08T03:37:33Z] [iter=1] HEARTBEAT target_type=call_site elapsed_min=36.4 files_done=5 resolved=859 errors=1212 current=regex-syntax/src/hir/mod.rs
[2026-09-08T03:54:24Z] [iter=1] HEARTBEAT target_type=call_site elapsed_min=53.3 files_done=6 resolved=1287 errors=1807 current=regex-automata/src/dfa/remapper.rs
[2026-09-08T03:54:58Z] [iter=1] HEARTBEAT target_type=call_site elapsed_min=53.8 files_done=7 resolved=1291 errors=1827 current=regex-syntax/src/ast/parse.rs
[2026-09-08T04:22:00Z] [iter=1] HEARTBEAT target_type=call_site elapsed_min=80.9 files_done=8 resolved=1651 errors=2781 current=regex-syntax/src/hir/translate.rs
[2026-09-08T04:36:30Z] [iter=1] HEARTBEAT target_type=call_site elapsed_min=95.4 files_done=9 resolved=2404 errors=3293 current=regex-automata/src/hybrid/dfa.rs
[2026-09-08T04:46:10Z] [iter=1] HEARTBEAT target_type=call_site elapsed_min=105.0 files_done=10 resolved=2590 errors=3633 current=regex-automata/src/util/interpolate.rs
[2026-09-08T04:47:53Z] [iter=1] HEARTBEAT target_type=call_site elapsed_min=106.7 files_done=11 resolved=2639 errors=3693 current=regex-lite/src/nfa.rs
[2026-09-08T04:48:55Z] [iter=1] HEARTBEAT target_type=call_site elapsed_min=107.8 files_done=12 resolved=2756 errors=3729 current=regex-automata/src/util/alphabet.rs
[2026-09-08T04:52:36Z] [iter=1] HEARTBEAT target_type=call_site elapsed_min=111.5 files_done=13 resolved=2952 errors=3858 current=regex-automata/src/meta/stopat.rs
[2026-09-08T04:54:12Z] [iter=1] HEARTBEAT target_type=call_site elapsed_min=113.1 files_done=14 resolved=2983 errors=3914 current=regex-syntax/src/hir/literal.rs
[2026-09-08T05:00:55Z] [iter=1] HEARTBEAT target_type=call_site elapsed_min=119.8 files_done=15 resolved=3307 errors=4149 current=tests/suite_bytes.rs
[2026-09-08T05:01:46Z] [iter=1] HEARTBEAT target_type=call_site elapsed_min=120.6 files_done=16 resolved=3326 errors=4179 current=regex-automata/src/dfa/dense.rs
[2026-09-08T05:15:26Z] [iter=1] HEARTBEAT target_type=call_site elapsed_min=134.3 files_done=17 resolved=3721 errors=4660 current=regex-automata/src/util/start.rs
[2026-09-08T05:16:36Z] [iter=1] HEARTBEAT target_type=call_site elapsed_min=135.5 files_done=18 resolved=3774 errors=4701 current=src/regex/string.rs
[2026-09-08T05:19:39Z] [iter=1] HEARTBEAT target_type=call_site elapsed_min=138.5 files_done=19 resolved=3857 errors=4809 current=regex-automata/src/dfa/sparse.rs
[2026-09-08T05:28:10Z] [iter=1] HEARTBEAT target_type=call_site elapsed_min=147.0 files_done=20 resolved=4090 errors=5109 current=regex-automata/src/util/utf8.rs
[2026-09-08T05:29:14Z] [iter=1] HEARTBEAT target_type=call_site elapsed_min=148.1 files_done=22 resolved=4159 errors=5147 current=regex-lite/src/hir/mod.rs
[2026-09-08T05:30:24Z] [iter=1] HEARTBEAT target_type=call_site elapsed_min=149.3 files_done=23 resolved=4281 errors=5188 current=regex-cli/cmd/find/match/mod.rs
[2026-09-08T05:31:56Z] [iter=1] HEARTBEAT target_type=call_site elapsed_min=150.8 files_done=24 resolved=4318 errors=5242 current=regex-automata/src/util/determinize/state.rs
[2026-09-08T05:35:18Z] [iter=1] HEARTBEAT target_type=call_site elapsed_min=154.2 files_done=25 resolved=4376 errors=5361 current=regex-automata/src/dfa/regex.rs
[2026-09-08T05:36:30Z] [iter=1] HEARTBEAT target_type=call_site elapsed_min=155.4 files_done=26 resolved=4395 errors=5403 current=regex-syntax/src/unicode.rs
[2026-09-08T05:38:49Z] [iter=1] HEARTBEAT target_type=call_site elapsed_min=157.7 files_done=27 resolved=4528 errors=5485 current=regex-cli/cmd/compile_test.rs
[2026-09-08T05:39:44Z] [iter=1] HEARTBEAT target_type=call_site elapsed_min=158.6 files_done=28 resolved=4670 errors=5517 current=regex-lite/src/string.rs
[2026-09-08T05:42:46Z] [iter=1] HEARTBEAT target_type=call_site elapsed_min=161.6 files_done=29 resolved=4793 errors=5624 current=regex-cli/args/lite.rs
[2026-09-08T05:43:18Z] [iter=1] HEARTBEAT target_type=call_site elapsed_min=162.2 files_done=30 resolved=4801 errors=5643 current=regex-automata/src/util/look.rs
[2026-09-08T05:48:44Z] [iter=1] HEARTBEAT target_type=call_site elapsed_min=167.6 files_done=31 resolved=5346 errors=5835 current=regex-syntax/src/hir/print.rs
[2026-09-08T05:51:35Z] [iter=1] HEARTBEAT target_type=call_site elapsed_min=170.4 files_done=32 resolved=5395 errors=5936 current=regex-automata/src/nfa/thompson/literal_trie.rs
[2026-09-08T05:52:30Z] [iter=1] HEARTBEAT target_type=call_site elapsed_min=171.4 files_done=33 resolved=5459 errors=5968 current=regex-syntax/src/ast/visitor.rs
[2026-09-08T05:53:04Z] [iter=1] HEARTBEAT target_type=call_site elapsed_min=171.9 files_done=34 resolved=5498 errors=5988 current=regex-syntax/src/utf8.rs
[2026-09-08T05:54:42Z] [iter=1] HEARTBEAT target_type=call_site elapsed_min=173.6 files_done=35 resolved=5558 errors=6046 current=regex-automata/src/hybrid/id.rs
[2026-09-08T05:55:14Z] [iter=1] HEARTBEAT target_type=call_site elapsed_min=174.1 files_done=36 resolved=5563 errors=6065 current=regex-automata/tests/dfa/suite.rs
[2026-09-08T05:56:54Z] [iter=1] HEARTBEAT target_type=call_site elapsed_min=175.8 files_done=38 resolved=5684 errors=6124 current=regex-cli/cmd/debug/dfa.rs
[2026-09-08T05:59:38Z] [iter=1] HEARTBEAT target_type=call_site elapsed_min=178.5 files_done=39 resolved=5718 errors=6220 current=regex-automata/src/nfa/thompson/nfa.rs
[2026-09-08T06:01:41Z] [iter=1] HEARTBEAT target_type=call_site elapsed_min=180.5 files_done=40 resolved=5829 errors=6292 current=regex-automata/src/util/wire.rs
[2026-09-08T06:03:20Z] [iter=1] HEARTBEAT target_type=call_site elapsed_min=182.2 files_done=41 resolved=5966 errors=6350 current=regex-automata/src/nfa/thompson/range_trie.rs
[2026-09-08T06:06:15Z] [iter=1] HEARTBEAT target_type=call_site elapsed_min=185.1 files_done=42 resolved=6083 errors=6452 current=regex-lite/src/interpolate.rs
[2026-09-08T06:07:46Z] [iter=1] HEARTBEAT target_type=call_site elapsed_min=186.6 files_done=43 resolved=6115 errors=6505 current=regex-syntax/src/ast/print.rs
[2026-09-08T06:11:46Z] [iter=1] HEARTBEAT target_type=call_site elapsed_min=190.6 files_done=44 resolved=6219 errors=6645 current=regex-automata/src/dfa/onepass.rs
[2026-09-08T06:19:27Z] [iter=1] HEARTBEAT target_type=call_site elapsed_min=198.3 files_done=45 resolved=6452 errors=6914 current=regex-automata/src/hybrid/search.rs
[2026-09-08T06:24:34Z] [iter=1] HEARTBEAT target_type=call_site elapsed_min=203.4 files_done=46 resolved=6529 errors=7094 current=regex-automata/src/nfa/thompson/compiler.rs
[2026-09-08T06:30:56Z] [iter=1] HEARTBEAT target_type=call_site elapsed_min=209.8 files_done=47 resolved=6744 errors=7318 current=regex-automata/src/dfa/search.rs
[2026-09-08T06:36:44Z] [iter=1] HEARTBEAT target_type=call_site elapsed_min=215.6 files_done=48 resolved=6828 errors=7518 current=regex-syntax/src/ast/mod.rs
[2026-09-08T06:38:25Z] [iter=1] HEARTBEAT target_type=call_site elapsed_min=217.3 files_done=49 resolved=6955 errors=7576 current=regex-cli/cmd/find/half/dfa.rs
[2026-09-08T06:39:47Z] [iter=1] HEARTBEAT target_type=call_site elapsed_min=218.6 files_done=50 resolved=6982 errors=7623 current=regex-test/lib.rs
[2026-09-08T06:42:11Z] [iter=1] HEARTBEAT target_type=call_site elapsed_min=221.1 files_done=51 resolved=7187 errors=7705 current=regex-automata/src/util/primitives.rs
[2026-09-08T06:43:12Z] [iter=1] HEARTBEAT target_type=call_site elapsed_min=222.1 files_done=52 resolved=7222 errors=7740 current=regex-automata/src/dfa/determinize.rs
[2026-09-08T06:45:26Z] [iter=1] HEARTBEAT target_type=call_site elapsed_min=224.3 files_done=53 resolved=7261 errors=7816 current=regex-cli/cmd/find/match/dfa.rs
[2026-09-08T06:47:59Z] [iter=1] HEARTBEAT target_type=call_site elapsed_min=226.8 files_done=54 resolved=7294 errors=7902 current=regex-automata/tests/nfa/thompson/backtrack/suite.rs
[2026-09-08T06:48:37Z] [iter=1] HEARTBEAT target_type=call_site elapsed_min=227.5 files_done=56 resolved=7340 errors=7924 current=regex-cli/util.rs
[2026-09-08T06:49:26Z] [iter=1] HEARTBEAT target_type=call_site elapsed_min=228.3 files_done=58 resolved=7358 errors=7952 current=regex-automata/src/dfa/automaton.rs
[2026-09-08T06:51:48Z] [iter=1] HEARTBEAT target_type=call_site elapsed_min=230.7 files_done=59 resolved=7396 errors=8036 current=regex-cli/cmd/debug/mod.rs
[2026-09-08T06:53:37Z] [iter=1] HEARTBEAT target_type=call_site elapsed_min=232.5 files_done=60 resolved=7427 errors=8099 current=regex-automata/tests/hybrid/suite.rs
[2026-09-08T06:56:19Z] [iter=1] HEARTBEAT target_type=call_site elapsed_min=235.2 files_done=63 resolved=7524 errors=8194 current=tests/lib.rs
[2026-09-08T06:57:03Z] [iter=1] HEARTBEAT target_type=call_site elapsed_min=235.9 files_done=64 resolved=7526 errors=8220 current=regex-automata/src/meta/wrappers.rs
[2026-09-08T07:01:12Z] [iter=1] CHECKPOINT TRIGGERED elapsed_min=240.1 files_completed=64 new_files_this_iter=64 mem_mb=1032 MB
[2026-09-08T07:01:12Z] [iter=1] Writing partial enrichment graph path=/home/runner/work/forx/forx/storage/aggregate/lsp/25a15e272b3ae5aee76b525902c2ab91b0d9e12e.nq.gz triples=90981
[2026-09-08T07:01:14Z] [iter=1] Checkpoint written, exiting with code 7
[2026-09-08T07:01:14Z] [iter=1] PHASE END: enrich (checkpointed) elapsed_s=14404 elapsed_min=240.1 files_completed=64
